first chb
